// Jest Snapshot v1, https://goo.gl/fbAQLP

exports[`should render not found page 1`] = `
<div>
  <h1>
    404!
  </h1>
  <h3>
    <Link
      to="/"
    >
      Go Home
    </Link>
  </h3>
</div>
`;
